
> frontend@0.0.0 build
> tsc -b && vite build

[36mvite v7.3.0 [32mbuilding client environment for production...[36m[39m
transforming...
[32mΓ£ô[39m 2199 modules transformed.
rendering chunks...
computing gzip size...
[2mdist/[22m[32mregisterSW.js              [39m[1m[2m  0.13 kB[22m[1m[22m
[2mdist/[22m[32mmanifest.webmanifest       [39m[1m[2m  0.49 kB[22m[1m[22m
[2mdist/[22m[32mindex.html                 [39m[1m[2m  1.47 kB[22m[1m[22m[2m Γöé gzip:   0.74 kB[22m
[2mdist/[22m[35massets/index-DEmZgzOg.css  [39m[1m[2m 88.81 kB[22m[1m[22m[2m Γöé gzip:  12.70 kB[22m
[2mdist/[22m[36massets/index-B9YCASyK.js   [39m[1m[33m766.81 kB[39m[22m[2m Γöé gzip: 221.86 kB[22m
node.exe : [33m
At line:1 char:1
+ & "C:\Program Fil
es\nodejs/node.exe"
 "C:\Program Files\
nodejs/node_mo ...
+ ~~~~~~~~~~~~~~~~~
~~~~~~~~~~~~~~~~~~~
~~~~~~~~~~~~~~~~~~~
~~~~~~~~~~~~~~
    + CategoryInfo 
             : No  
  tSpecified: (   
 [33m:String) [    
], RemoteExcep    
tion
    + FullyQualifi 
   edErrorId : Na  
  tiveCommandErr   
 or
 
(!) Some chunks 
are larger than 
500 kB after 
minification. 
Consider:
- Using dynamic 
import() to 
code-split the 
application
- Use build.rollupO
ptions.output.manua
lChunks to improve 
chunking: https://r
ollupjs.org/configu
ration-options/#out
put-manualchunks
- Adjust chunk 
size limit for 
this warning via bu
ild.chunkSizeWarnin
gLimit.[39m
[32mΓ£ô built in 7.04s[39m

PWA v1.2.0
mode      generateSW
precache  11 entries (840.64 KiB)
files generated
  dist/sw.js
  dist/workbox-354287e6.js
