npm warn exec The following package was not found and will be installed: ts-node@10.9.2
/home/jules/.npm/_npx/1bf7c3c15bf47d04/node_modules/ts-node/src/index.ts:859
    return new TSError(diagnosticText, diagnosticCodes, diagnostics);
           ^
TSError: ⨯ Unable to compile TypeScript:
src/app.ts(1,21): error TS2307: Cannot find module 'express' or its corresponding type declarations.
src/app.ts(2,18): error TS2307: Cannot find module 'cors' or its corresponding type declarations.
src/app.ts(28,21): error TS7006: Parameter 'req' implicitly has an 'any' type.
src/app.ts(28,26): error TS7006: Parameter 'res' implicitly has an 'any' type.

    at createTSError (/home/jules/.npm/_npx/1bf7c3c15bf47d04/node_modules/ts-node/src/index.ts:859:12)
    at reportTSError (/home/jules/.npm/_npx/1bf7c3c15bf47d04/node_modules/ts-node/src/index.ts:863:19)
    at getOutput (/home/jules/.npm/_npx/1bf7c3c15bf47d04/node_modules/ts-node/src/index.ts:1077:36)
    at Object.compile (/home/jules/.npm/_npx/1bf7c3c15bf47d04/node_modules/ts-node/src/index.ts:1433:41)
    at Module.m._compile (/home/jules/.npm/_npx/1bf7c3c15bf47d04/node_modules/ts-node/src/index.ts:1617:30)
    at node:internal/modules/cjs/loader:1839:10
    at Object.require.extensions.<computed> [as .ts] (/home/jules/.npm/_npx/1bf7c3c15bf47d04/node_modules/ts-node/src/index.ts:1621:12)
    at Module.load (node:internal/modules/cjs/loader:1441:32)
    at Function._load (node:internal/modules/cjs/loader:1263:12)
    at TracingChannel.traceSync (node:diagnostics_channel:328:14) {
  diagnosticCodes: [ 2307, 2307, 7006, 7006 ]
}
