[dotenv@17.2.3] injecting env (0) from .env -- tip: 🔑 add access controls to secrets: https://dotenvx.com/ops
Connecting to MongoDB at mongodb://localhost:27017/trip_planner...
Backend server running on http://localhost:3001
MongoDB Connection Error: MongooseServerSelectionError: connect ECONNREFUSED ::1:27017, connect ECONNREFUSED 127.0.0.1:27017
    at _handleConnectionErrors (/app/backend/node_modules/mongoose/lib/connection.js:1169:11)
    at NativeConnection.openUri (/app/backend/node_modules/mongoose/lib/connection.js:1100:11) {
  errorLabelSet: Set(0) {},
  reason: TopologyDescription {
    type: 'Unknown',
    servers: Map(1) { 'localhost:27017' => [ServerDescription] },
    stale: false,
    compatible: true,
    heartbeatFrequencyMS: 10000,
    localThresholdMS: 15,
    setName: null,
    maxElectionId: null,
    maxSetVersion: null,
    commonWireVersion: 0,
    logicalSessionTimeoutMinutes: null
  },
  code: undefined,
  cause: TopologyDescription {
    type: 'Unknown',
    servers: Map(1) { 'localhost:27017' => [ServerDescription] },
    stale: false,
    compatible: true,
    heartbeatFrequencyMS: 10000,
    localThresholdMS: 15,
    setName: null,
    maxElectionId: null,
    maxSetVersion: null,
    commonWireVersion: 0,
    logicalSessionTimeoutMinutes: null
  }
}
DB failed, adding to mock diamonds
DB failed, returning mock diamonds
DB failed, returning mock diamonds
DB failed, adding to mock diamonds
DB failed, returning mock diamonds
DB failed, returning mock diamonds
DB failed, returning mock diamonds
DB failed, returning mock diamonds
DB failed, adding to mock diamonds
DB failed, returning mock diamonds
DB failed, returning mock diamonds
DB failed, returning mock diamonds
DB failed, adding to mock diamonds
DB failed, returning mock diamonds
DB failed, returning mock diamonds
