[dotenv@17.2.3] injecting env (0) from .env -- tip: 👥 sync secrets across teammates & machines: https://dotenvx.com/ops
/app/backend/node_modules/ts-node/src/index.ts:859
    return new TSError(diagnosticText, diagnosticCodes, diagnostics);
           ^
TSError: ⨯ Unable to compile TypeScript:
src/routes/diamondRoutes.ts(8,8): error TS2307: Cannot find module '../controllers/DiamondController' or its corresponding type declarations.
src/routes/diamondRoutes.ts(9,10): error TS2305: Module '"../middleware/authMiddleware"' has no exported member 'protect'.
src/routes/diamondRoutes.ts(9,19): error TS2305: Module '"../middleware/authMiddleware"' has no exported member 'adminOnly'.

    at createTSError (/app/backend/node_modules/ts-node/src/index.ts:859:12)
    at reportTSError (/app/backend/node_modules/ts-node/src/index.ts:863:19)
    at getOutput (/app/backend/node_modules/ts-node/src/index.ts:1077:36)
    at Object.compile (/app/backend/node_modules/ts-node/src/index.ts:1433:41)
    at Module.m._compile (/app/backend/node_modules/ts-node/src/index.ts:1617:30)
    at node:internal/modules/cjs/loader:1839:10
    at Object.require.extensions.<computed> [as .ts] (/app/backend/node_modules/ts-node/src/index.ts:1621:12)
    at Module.load (node:internal/modules/cjs/loader:1441:32)
    at Function._load (node:internal/modules/cjs/loader:1263:12)
    at TracingChannel.traceSync (node:diagnostics_channel:328:14) {
  diagnosticCodes: [ 2307, 2305, 2305 ]
}
